* installing *source* package ‘icio’ ...
** this is package ‘icio’ version ‘1.0.0’
** using staged installation
** libs
using C compiler: ‘Apple clang version 17.0.0 (clang-1700.4.4.1)’
using SDK: ‘MacOSX26.1.sdk’
clang -arch arm64 -I"/Library/Frameworks/R.framework/Resources/include" -DNDEBUG   -I/opt/R/arm64/include -Xclang -fopenmp -I/opt/homebrew/opt/gettext/include    -fPIC  -falign-functions=64 -Wall -g -O2  -c rowmult.c -o rowmult.o
clang -arch arm64 -dynamiclib -Wl,-headerpad_max_install_names -undefined dynamic_lookup -L/Library/Frameworks/R.framework/Resources/lib -L/opt/R/arm64/lib -lomp -L/opt/homebrew/opt/gettext/lib -o icio.so rowmult.o -F/Library/Frameworks/R.framework/.. -framework R
installing to /Users/sebastiankrantz/Documents/R/decompr/icio.Rcheck/00LOCK-icio/00new/icio/libs
** R
** data
** inst
** byte-compile and prepare package for lazy loading
** help
*** installing help indices
** building package indices
** installing vignettes
** testing if installed package can be loaded from temporary location
** checking absolute paths in shared objects and dynamic libraries
** testing if installed package can be loaded from final location
** testing if installed package keeps a record of temporary installation path
* DONE (icio)
